{
  "kind": "calibracion-rung3",
  "ocr_pages_measured": 29,
  "text_layers_measured": 493,
  "word_conf_ocr": {
    "mean": 56.7,
    "p5": 22.83,
    "p25": 46.27,
    "p50": 55.21,
    "p75": 62.82,
    "p95": 92.06
  },
  "field_coverage_ocr": {
    "mean": 0.483,
    "p5": 0.0,
    "p25": 0.2,
    "p50": 0.4,
    "p75": 0.6,
    "p95": 1.0
  },
  "field_coverage_capas_texto": {
    "mean": 0.954,
    "p5": 0.8,
    "p25": 1.0,
    "p50": 1.0,
    "p75": 1.0,
    "p95": 1.0
  },
  "tabla_umbral_word_conf": {
    "40.0": {
      "pct_ocr_arriba": 89.7,
      "pct_texto_arriba": null
    },
    "50.0": {
      "pct_ocr_arriba": 62.1,
      "pct_texto_arriba": null
    },
    "60.0": {
      "pct_ocr_arriba": 34.5,
      "pct_texto_arriba": null
    },
    "70.0": {
      "pct_ocr_arriba": 20.7,
      "pct_texto_arriba": null
    },
    "80.0": {
      "pct_ocr_arriba": 17.2,
      "pct_texto_arriba": null
    }
  },
  "tabla_umbral_cobertura": {
    "0.2": {
      "pct_ocr_arriba": 89.7,
      "pct_capas_texto_arriba": 100.0
    },
    "0.4": {
      "pct_ocr_arriba": 72.4,
      "pct_capas_texto_arriba": 100.0
    },
    "0.5": {
      "pct_ocr_arriba": 44.8,
      "pct_capas_texto_arriba": 100.0
    },
    "0.6": {
      "pct_ocr_arriba": 44.8,
      "pct_capas_texto_arriba": 100.0
    },
    "0.8": {
      "pct_ocr_arriba": 24.1,
      "pct_capas_texto_arriba": 100.0
    }
  },
  "tesseract": "tesseract 5.5.1\n leptonica-1.85.0\n  libjpeg 6b (libjpeg-turbo 1.5.3) : libpng 1.6.34 : libtiff 4.0.9 : zlib 1.2.11 : libwebp 1.0.0",
  "tessdata_lang": "spa+eng",
  "psm": 6
}
